// Jest Snapshot v1, https://goo.gl/fbAQLP

exports[`ProgressCircle Component should match snapshot  1`] = `
.c0 {
  display: inline-block;
  margin-left: -3px;
}

.c0 circle.progress {
  -webkit-transition: stroke-dashoffset 0.35s;
  transition: stroke-dashoffset 0.35s;
  -webkit-transform: rotate(-90deg);
  -ms-transform: rotate(-90deg);
  transform: rotate(-90deg);
  -webkit-transform-origin: 50% 50%;
  -ms-transform-origin: 50% 50%;
  transform-origin: 50% 50%;
  stroke: #cccccc;
}

.c0 circle.underlay {
  -webkit-transition: stroke-dashoffset 0.35s;
  transition: stroke-dashoffset 0.35s;
  stroke: #eeeeee;
}

.c0 text {
  font-size: 1rem;
}

<ProgressRing
  className="c0"
  theme={
    Object {
      "backgroundColorDisabled": "grey",
      "backgroundColorPrimary": "#fff",
      "backgroundColorSecondary": "#eaf2f6",
      "backgroundColorSuccess": "#2e993a",
      "brandPrimaryColor": "#006193",
      "buttonBackgroundColorPrimary": "#e57725",
      "buttonBackgroundColorSecondary": "#016fad",
      "buttonColorPrimary": "#ffffff",
      "buttonColorSecondary": "#ffffff",
      "cautionBackgroundColor": "#fffdf3",
      "colorOutline": "#999",
      "containerShadowPrimary": "rgba(0,0,0,.2)",
      "deviceType": "desktop",
      "fieldBorderColor": "#bfbfbf",
      "fieldBorderDisabledColor": "#bfdfdf",
      "fieldBorderErrorColor": "#c00",
      "fieldBorderFocusColor": "#006193",
      "fontBold": "700",
      "fontBook": "400",
      "fontFamilyDefault": "Arial, Helvetica, sans-serif",
      "fontFamilyIcon": "",
      "fontFamilyPrimary": "Arial, Helvetica, sans-serif",
      "fontFamilySecondary": "Arial, Helvetica, sans-serif",
      "fontMedium": "500",
      "fontNormal": "normal",
      "fontSemiBold": "600",
      "fontSizeBase": "16px",
      "fontSizeButtonPrimary": "24px",
      "fontSizeButtonSecondary": "16px",
      "fontSizeDefault": "12px",
      "letterSpacing": "1px",
      "lineHeightBase": "1.5",
      "linkColorPrimary": "#008CBA",
      "textColorError": "#c00",
      "textColorPlaceholder": "#dfdfdf",
      "textColorPrimary": "#222",
      "textColorSecondary": "#262626",
      "textColorSuccess": "#2e993a",
      "zIndex": Object {
        "zFilter": 100,
        "zFilterActions": 400,
        "zFilterList": 150,
        "zFlyout": 200,
        "zLoader": 1000,
        "zMenu": 800,
        "zNativeTickSelectIcon": 50,
        "zOverlay": 900,
        "zPlacesAutocomplete": 1100,
        "zSticky": 700,
      },
    }
  }
/>
`;
